Archive member included to satisfy reference by file (symbol)

c:/program files (x86)/atmel/studio/7.0/toolchain/arm/arm-gnu-toolchain/bin/../lib/gcc/arm-none-eabi/6.3.1/../../../../arm-none-eabi/lib/thumb/v7-m\libm.a(lib_a-w_pow.o)
                              main.o (pow)
c:/program files (x86)/atmel/studio/7.0/toolchain/arm/arm-gnu-toolchain/bin/../lib/gcc/arm-none-eabi/6.3.1/../../../../arm-none-eabi/lib/thumb/v7-m\libm.a(lib_a-e_pow.o)
                              c:/program files (x86)/atmel/studio/7.0/toolchain/arm/arm-gnu-toolchain/bin/../lib/gcc/arm-none-eabi/6.3.1/../../../../arm-none-eabi/lib/thumb/v7-m\libm.a(lib_a-w_pow.o) (__ieee754_pow)
c:/program files (x86)/atmel/studio/7.0/toolchain/arm/arm-gnu-toolchain/bin/../lib/gcc/arm-none-eabi/6.3.1/../../../../arm-none-eabi/lib/thumb/v7-m\libm.a(lib_a-e_sqrt.o)
                              c:/program files (x86)/atmel/studio/7.0/toolchain/arm/arm-gnu-toolchain/bin/../lib/gcc/arm-none-eabi/6.3.1/../../../../arm-none-eabi/lib/thumb/v7-m\libm.a(lib_a-e_pow.o) (__ieee754_sqrt)
c:/program files (x86)/atmel/studio/7.0/toolchain/arm/arm-gnu-toolchain/bin/../lib/gcc/arm-none-eabi/6.3.1/../../../../arm-none-eabi/lib/thumb/v7-m\libm.a(lib_a-s_fabs.o)
                              c:/program files (x86)/atmel/studio/7.0/toolchain/arm/arm-gnu-toolchain/bin/../lib/gcc/arm-none-eabi/6.3.1/../../../../arm-none-eabi/lib/thumb/v7-m\libm.a(lib_a-e_pow.o) (fabs)
c:/program files (x86)/atmel/studio/7.0/toolchain/arm/arm-gnu-toolchain/bin/../lib/gcc/arm-none-eabi/6.3.1/../../../../arm-none-eabi/lib/thumb/v7-m\libm.a(lib_a-s_finite.o)
                              c:/program files (x86)/atmel/studio/7.0/toolchain/arm/arm-gnu-toolchain/bin/../lib/gcc/arm-none-eabi/6.3.1/../../../../arm-none-eabi/lib/thumb/v7-m\libm.a(lib_a-w_pow.o) (finite)
c:/program files (x86)/atmel/studio/7.0/toolchain/arm/arm-gnu-toolchain/bin/../lib/gcc/arm-none-eabi/6.3.1/../../../../arm-none-eabi/lib/thumb/v7-m\libm.a(lib_a-s_lib_ver.o)
                              c:/program files (x86)/atmel/studio/7.0/toolchain/arm/arm-gnu-toolchain/bin/../lib/gcc/arm-none-eabi/6.3.1/../../../../arm-none-eabi/lib/thumb/v7-m\libm.a(lib_a-w_pow.o) (__fdlib_version)
c:/program files (x86)/atmel/studio/7.0/toolchain/arm/arm-gnu-toolchain/bin/../lib/gcc/arm-none-eabi/6.3.1/../../../../arm-none-eabi/lib/thumb/v7-m\libm.a(lib_a-s_matherr.o)
                              c:/program files (x86)/atmel/studio/7.0/toolchain/arm/arm-gnu-toolchain/bin/../lib/gcc/arm-none-eabi/6.3.1/../../../../arm-none-eabi/lib/thumb/v7-m\libm.a(lib_a-w_pow.o) (matherr)
c:/program files (x86)/atmel/studio/7.0/toolchain/arm/arm-gnu-toolchain/bin/../lib/gcc/arm-none-eabi/6.3.1/../../../../arm-none-eabi/lib/thumb/v7-m\libm.a(lib_a-s_nan.o)
                              c:/program files (x86)/atmel/studio/7.0/toolchain/arm/arm-gnu-toolchain/bin/../lib/gcc/arm-none-eabi/6.3.1/../../../../arm-none-eabi/lib/thumb/v7-m\libm.a(lib_a-e_pow.o) (nan)
c:/program files (x86)/atmel/studio/7.0/toolchain/arm/arm-gnu-toolchain/bin/../lib/gcc/arm-none-eabi/6.3.1/../../../../arm-none-eabi/lib/thumb/v7-m\libm.a(lib_a-s_rint.o)
                              c:/program files (x86)/atmel/studio/7.0/toolchain/arm/arm-gnu-toolchain/bin/../lib/gcc/arm-none-eabi/6.3.1/../../../../arm-none-eabi/lib/thumb/v7-m\libm.a(lib_a-w_pow.o) (rint)
c:/program files (x86)/atmel/studio/7.0/toolchain/arm/arm-gnu-toolchain/bin/../lib/gcc/arm-none-eabi/6.3.1/../../../../arm-none-eabi/lib/thumb/v7-m\libm.a(lib_a-s_scalbn.o)
                              c:/program files (x86)/atmel/studio/7.0/toolchain/arm/arm-gnu-toolchain/bin/../lib/gcc/arm-none-eabi/6.3.1/../../../../arm-none-eabi/lib/thumb/v7-m\libm.a(lib_a-e_pow.o) (scalbn)
c:/program files (x86)/atmel/studio/7.0/toolchain/arm/arm-gnu-toolchain/bin/../lib/gcc/arm-none-eabi/6.3.1/../../../../arm-none-eabi/lib/thumb/v7-m\libm.a(lib_a-s_copysign.o)
                              c:/program files (x86)/atmel/studio/7.0/toolchain/arm/arm-gnu-toolchain/bin/../lib/gcc/arm-none-eabi/6.3.1/../../../../arm-none-eabi/lib/thumb/v7-m\libm.a(lib_a-s_scalbn.o) (copysign)
c:/program files (x86)/atmel/studio/7.0/toolchain/arm/arm-gnu-toolchain/bin/../lib/gcc/arm-none-eabi/6.3.1/thumb/v7-m\libgcc.a(_arm_addsubdf3.o)
                              main.o (__aeabi_dsub)
c:/program files (x86)/atmel/studio/7.0/toolchain/arm/arm-gnu-toolchain/bin/../lib/gcc/arm-none-eabi/6.3.1/thumb/v7-m\libgcc.a(_arm_muldivdf3.o)
                              main.o (__aeabi_dmul)
c:/program files (x86)/atmel/studio/7.0/toolchain/arm/arm-gnu-toolchain/bin/../lib/gcc/arm-none-eabi/6.3.1/thumb/v7-m\libgcc.a(_arm_cmpdf2.o)
                              c:/program files (x86)/atmel/studio/7.0/toolchain/arm/arm-gnu-toolchain/bin/../lib/gcc/arm-none-eabi/6.3.1/../../../../arm-none-eabi/lib/thumb/v7-m\libm.a(lib_a-w_pow.o) (__aeabi_dcmpeq)
[...]
Memory Configuration

Name             Origin             Length             Attributes
rom              0x00080000         0x00080000         xr
ram              0x20000000         0x00018000         xrw
*default*        0x00000000         0xffffffff

Linker script and memory map

LOAD c:/program files (x86)/atmel/studio/7.0/toolchain/arm/arm-gnu-toolchain/bin/../lib/gcc/arm-none-eabi/6.3.1/thumb/v7-m/crti.o
LOAD c:/program files (x86)/atmel/studio/7.0/toolchain/arm/arm-gnu-toolchain/bin/../lib/gcc/arm-none-eabi/6.3.1/thumb/v7-m/crtbegin.o
LOAD c:/program files (x86)/atmel/studio/7.0/toolchain/arm/arm-gnu-toolchain/bin/../lib/gcc/arm-none-eabi/6.3.1/../../../../arm-none-eabi/lib/thumb/v7-m/crt0.o
LOAD can_controller.o
LOAD can_interrupt.o
LOAD Device_Startup/startup_sam3xa.o
LOAD Device_Startup/system_sam3xa.o
LOAD Motor_controller.o
LOAD main.o
LOAD printf-stdarg.o
LOAD pwm_module.o
LOAD uart.o
START GROUP
LOAD c:/program files (x86)/atmel/studio/7.0/toolchain/arm/arm-gnu-toolchain/bin/../lib/gcc/arm-none-eabi/6.3.1/../../../../arm-none-eabi/lib/thumb/v7-m\libm.a
END GROUP
START GROUP
LOAD c:/program files (x86)/atmel/studio/7.0/toolchain/arm/arm-gnu-toolchain/bin/../lib/gcc/arm-none-eabi/6.3.1/thumb/v7-m\libgcc.a
LOAD c:/program files (x86)/atmel/studio/7.0/toolchain/arm/arm-gnu-toolchain/bin/../lib/gcc/arm-none-eabi/6.3.1/../../../../arm-none-eabi/lib/thumb/v7-m\libc.a
END GROUP
LOAD c:/program files (x86)/atmel/studio/7.0/toolchain/arm/arm-gnu-toolchain/bin/../lib/gcc/arm-none-eabi/6.3.1/thumb/v7-m/crtend.o
LOAD c:/program files (x86)/atmel/studio/7.0/toolchain/arm/arm-gnu-toolchain/bin/../lib/gcc/arm-none-eabi/6.3.1/thumb/v7-m/crtn.o
                0x00000400                STACK_SIZE = DEFINED (STACK_SIZE)?STACK_SIZE:0x400
                0x00000200                HEAP_SIZE = DEFINED (HEAP_SIZE)?HEAP_SIZE:0x200

.text           0x00080000     0x2988
                0x00080000                . = ALIGN (0x4)
                0x00080000                _sfixed = .
 *(.vectors .vectors.*)
 .vectors       0x00080000       0xf4 Device_Startup/startup_sam3xa.o
                0x00080000                exception_table
 *(.text .text.* .gnu.linkonce.t.*)
 .text          0x000800f4       0x6c c:/program files (x86)/atmel/studio/7.0/toolchain/arm/arm-gnu-toolchain/bin/../lib/gcc/arm-none-eabi/6.3.1/thumb/v7-m/crtbegin.o
 .text.can_init
                0x00080160       0xe4 can_controller.o
                0x00080160                can_init
 .text.can_init_def_tx_rx_mb
                0x00080244       0x10 can_controller.o
                0x00080244                can_init_def_tx_rx_mb
 .text.can_receive
                0x00080254       0x84 can_controller.o
                0x00080254                can_receive
 .text.CAN0_Handler
                0x000802d8       0x9c can_interrupt.o
                0x000802d8                CAN0_Handler
 .text.Dummy_Handler
                0x00080374        0x2 Device_Startup/startup_sam3xa.o
                0x00080374                DACC_Handler
                0x00080374                DebugMon_Handler
                0x00080374                DMAC_Handler
                0x00080374                TRNG_Handler
                0x00080374                HardFault_Handler
                0x00080374                TC2_Handler
                0x00080374                SysTick_Handler
                0x00080374                USART3_Handler
                0x00080374                TWI1_Handler
                0x00080374                PendSV_Handler
                0x00080374                NMI_Handler
                0x00080374                TC7_Handler
                0x00080374                ADC_Handler
                0x00080374                SMC_Handler
                0x00080374                USART0_Handler
                0x00080374                RTT_Handler
                0x00080374                EFC1_Handler
                0x00080374                PIOB_Handler
                0x00080374                RTC_Handler
                0x00080374                UsageFault_Handler
                0x00080374                TC6_Handler
                0x00080374                WDT_Handler
                0x00080374                TC4_Handler
                0x00080374                TC1_Handler
                0x00080374                HSMCI_Handler
                0x00080374                TC3_Handler
                0x00080374                Dummy_Handler
                0x00080374                TWI0_Handler
                0x00080374                USART1_Handler
                0x00080374                PIOA_Handler
                0x00080374                SSC_Handler
                0x00080374                EFC0_Handler
                0x00080374                PMC_Handler
                0x00080374                PWM_Handler
                0x00080374                CAN1_Handler
                0x00080374                MemManage_Handler
                0x00080374                SUPC_Handler
                0x00080374                SVC_Handler
                0x00080374                TC8_Handler
                0x00080374                USART2_Handler
                0x00080374                PIOD_Handler
                0x00080374                EMAC_Handler
                0x00080374                BusFault_Handler
                0x00080374                RSTC_Handler
                0x00080374                TC0_Handler
                0x00080374                TC5_Handler
                0x00080374                UOTGHS_Handler
                0x00080374                SPI0_Handler
 *fill*         0x00080376        0x2 
 .text.Reset_Handler
                0x00080378       0x6c Device_Startup/startup_sam3xa.o
                0x00080378                Reset_Handler
 .text.SystemInit
                0x000803e4       0xa4 Device_Startup/system_sam3xa.o
                0x000803e4                SystemInit
 .text.delay    0x00080488       0x18 Motor_controller.o
                0x00080488                delay
 .text.motor_init
                0x000804a0      0x134 Motor_controller.o
                0x000804a0                motor_init
 .text.read_encoder
                0x000805d4       0x94 Motor_controller.o
                0x000805d4                read_encoder
 .text.PIOC_Handler
                0x00080668       0x20 main.o
                0x00080668                PIOC_Handler
 .text.main     0x00080688      0x1f8 main.o
                0x00080688                main
 .text.printchar
                0x00080880       0x10 printf-stdarg.o
 .text.prints   0x00080890       0x84 printf-stdarg.o
 .text.printi   0x00080914       0xac printf-stdarg.o
 .text.print    0x000809c0      0x150 printf-stdarg.o
 .text.printf   0x00080b10       0x24 printf-stdarg.o
                0x00080b10                printf
 .text.pwm_init
                0x00080b34       0x4c pwm_module.o
                0x00080b34                pwm_init
 .text.change_dt
                0x00080b80       0x48 pwm_module.o
                0x00080b80                change_dt
 .text.configure_uart
                0x00080bc8       0x68 uart.o
                0x00080bc8                configure_uart
 .text.uart_putchar
                0x00080c30       0x24 uart.o
                0x00080c30                uart_putchar
 .text.UART_Handler
                0x00080c54       0x68 uart.o
                0x00080c54                UART_Handler
 .text.pow      0x00080cbc      0x340 c:/program files (x86)/atmel/studio/7.0/toolchain/arm/arm-gnu-toolchain/bin/../lib/gcc/arm-none-eabi/6.3.1/../../../../arm-none-eabi/lib/thumb/v7-m\libm.a(lib_a-w_pow.o)
                0x00080cbc                pow
 *fill*         0x00080ffc        0x4 
 .text.__ieee754_pow
                0x00081000      0xaac c:/program files (x86)/atmel/studio/7.0/toolchain/arm/arm-gnu-toolchain/bin/../lib/gcc/arm-none-eabi/6.3.1/../../../../arm-none-eabi/lib/thumb/v7-m\libm.a(lib_a-e_pow.o)
                0x00081000                __ieee754_pow
 .text.__ieee754_sqrt
                0x00081aac      0x178 c:/program files (x86)/atmel/studio/7.0/toolchain/arm/arm-gnu-toolchain/bin/../lib/gcc/arm-none-eabi/6.3.1/../../../../arm-none-eabi/lib/thumb/v7-m\libm.a(lib_a-e_sqrt.o)
                0x00081aac                __ieee754_sqrt
 .text.fabs     0x00081c24        0x8 c:/program files (x86)/atmel/studio/7.0/toolchain/arm/arm-gnu-toolchain/bin/../lib/gcc/arm-none-eabi/6.3.1/../../../../arm-none-eabi/lib/thumb/v7-m\libm.a(lib_a-s_fabs.o)
                0x00081c24                fabs
 .text.finite   0x00081c2c        0xc c:/program files (x86)/atmel/studio/7.0/toolchain/arm/arm-gnu-toolchain/bin/../lib/gcc/arm-none-eabi/6.3.1/../../../../arm-none-eabi/lib/thumb/v7-m\libm.a(lib_a-s_finite.o)
                0x00081c2c                finite
 .text.matherr  0x00081c38        0x4 c:/program files (x86)/atmel/studio/7.0/toolchain/arm/arm-gnu-toolchain/bin/../lib/gcc/arm-none-eabi/6.3.1/../../../../arm-none-eabi/lib/thumb/v7-m\libm.a(lib_a-s_matherr.o)
                0x00081c38                matherr
 .text.nan      0x00081c3c        0xc c:/program files (x86)/atmel/studio/7.0/toolchain/arm/arm-gnu-toolchain/bin/../lib/gcc/arm-none-eabi/6.3.1/../../../../arm-none-eabi/lib/thumb/v7-m\libm.a(lib_a-s_nan.o)
                0x00081c3c                nan
 .text.rint     0x00081c48      0x11c c:/program files (x86)/atmel/studio/7.0/toolchain/arm/arm-gnu-toolchain/bin/../lib/gcc/arm-none-eabi/6.3.1/../../../../arm-none-eabi/lib/thumb/v7-m\libm.a(lib_a-s_rint.o)
                0x00081c48                rint
 *fill*         0x00081d64        0x4 
 .text.scalbn   0x00081d68       0xe4 c:/program files (x86)/atmel/studio/7.0/toolchain/arm/arm-gnu-toolchain/bin/../lib/gcc/arm-none-eabi/6.3.1/../../../../arm-none-eabi/lib/thumb/v7-m\libm.a(lib_a-s_scalbn.o)
                0x00081d68                scalbn
 .text.copysign
                0x00081e4c       0x10 c:/program files (x86)/atmel/studio/7.0/toolchain/arm/arm-gnu-toolchain/bin/../lib/gcc/arm-none-eabi/6.3.1/../../../../arm-none-eabi/lib/thumb/v7-m\libm.a(lib_a-s_copysign.o)
                0x00081e4c                copysign
 .text          0x00081e5c      0x370 c:/program files (x86)/atmel/studio/7.0/toolchain/arm/arm-gnu-toolchain/bin/../lib/gcc/arm-none-eabi/6.3.1/thumb/v7-m\libgcc.a(_arm_addsubdf3.o)
                0x00081e5c                __aeabi_drsub
                0x00081e64                __aeabi_dsub
                0x00081e64                __subdf3
                0x00081e68                __aeabi_dadd
                0x00081e68                __adddf3
                0x000820e0                __floatunsidf
                0x000820e0                __aeabi_ui2d
                0x00082100                __floatsidf
                0x00082100                __aeabi_i2d
                0x00082124                __aeabi_f2d
                0x00082124                __extendsfdf2
                0x00082160                __floatundidf
                0x00082160                __aeabi_ul2d
                0x00082170                __floatdidf
                0x00082170                __aeabi_l2d
 .text          0x000821cc      0x424 c:/program files (x86)/atmel/studio/7.0/toolchain/arm/arm-gnu-toolchain/bin/../lib/gcc/arm-none-eabi/6.3.1/thumb/v7-m\libgcc.a(_arm_muldivdf3.o)
                0x000821cc                __aeabi_dmul
                0x000821cc                __muldf3
                0x00082420                __divdf3
                0x00082420                __aeabi_ddiv
 .text          0x000825f0      0x110 c:/program files (x86)/atmel/studio/7.0/toolchain/arm/arm-gnu-toolchain/bin/../lib/gcc/arm-none-eabi/6.3.1/thumb/v7-m\libgcc.a(_arm_cmpdf2.o)
                0x000825f0                __gtdf2
                0x000825f0                __gedf2
                0x000825f8                __ltdf2
                0x000825f8                __ledf2
                0x00082600                __nedf2
                0x00082600                __eqdf2
                0x00082600                __cmpdf2
                0x0008267c                __aeabi_cdrcmple
                0x0008268c                __aeabi_cdcmpeq
                0x0008268c                __aeabi_cdcmple
                0x0008269c                __aeabi_dcmpeq
                0x000826b0                __aeabi_dcmplt
                0x000826c4                __aeabi_dcmple
                0x000826d8                __aeabi_dcmpge
                0x000826ec                __aeabi_dcmpgt
 .text          0x00082700       0x2c c:/program files (x86)/atmel/studio/7.0/toolchain/arm/arm-gnu-toolchain/bin/../lib/gcc/arm-none-eabi/6.3.1/thumb/v7-m\libgcc.a(_arm_unorddf2.o)
                0x00082700                __unorddf2
                0x00082700                __aeabi_dcmpun
 .text          0x0008272c       0x50 c:/program files (x86)/atmel/studio/7.0/toolchain/arm/arm-gnu-toolchain/bin/../lib/gcc/arm-none-eabi/6.3.1/thumb/v7-m\libgcc.a(_arm_fixdfsi.o)
                0x0008272c                __aeabi_d2iz
                0x0008272c                __fixdfsi
 .text.__errno  0x0008277c        0xc c:/program files (x86)/atmel/studio/7.0/toolchain/arm/arm-gnu-toolchain/bin/../lib/gcc/arm-none-eabi/6.3.1/../../../../arm-none-eabi/lib/thumb/v7-m\libc.a(lib_a-errno.o)
                0x0008277c                __errno
 .text.__libc_init_array
                0x00082788       0x50 c:/program files (x86)/atmel/studio/7.0/toolchain/arm/arm-gnu-toolchain/bin/../lib/gcc/arm-none-eabi/6.3.1/../../../../arm-none-eabi/lib/thumb/v7-m\libc.a(lib_a-init.o)
                0x00082788                __libc_init_array
 .text.startup.register_fini
                0x000827d8       0x14 c:/program files (x86)/atmel/studio/7.0/toolchain/arm/arm-gnu-toolchain/bin/../lib/gcc/arm-none-eabi/6.3.1/../../../../arm-none-eabi/lib/thumb/v7-m\libc.a(lib_a-__call_atexit.o)
 .text.atexit   0x000827ec        0xc c:/program files (x86)/atmel/studio/7.0/toolchain/arm/arm-gnu-toolchain/bin/../lib/gcc/arm-none-eabi/6.3.1/../../../../arm-none-eabi/lib/thumb/v7-m\libc.a(lib_a-atexit.o)
                0x000827ec                atexit
 .text.__libc_fini_array
                0x000827f8       0x34 c:/program files (x86)/atmel/studio/7.0/toolchain/arm/arm-gnu-toolchain/bin/../lib/gcc/arm-none-eabi/6.3.1/../../../../arm-none-eabi/lib/thumb/v7-m\libc.a(lib_a-fini.o)
                0x000827f8                __libc_fini_array
 .text.__retarget_lock_acquire_recursive
                0x0008282c        0x4 c:/program files (x86)/atmel/studio/7.0/toolchain/arm/arm-gnu-toolchain/bin/../lib/gcc/arm-none-eabi/6.3.1/../../../../arm-none-eabi/lib/thumb/v7-m\libc.a(lib_a-lock.o)
                0x0008282c                __retarget_lock_acquire_recursive
 .text.__retarget_lock_release_recursive
                0x00082830        0x4 c:/program files (x86)/atmel/studio/7.0/toolchain/arm/arm-gnu-toolchain/bin/../lib/gcc/arm-none-eabi/6.3.1/../../../../arm-none-eabi/lib/thumb/v7-m\libc.a(lib_a-lock.o)
                0x00082830                __retarget_lock_release_recursive
 .text.__register_exitproc
                0x00082834       0xc4 c:/program files (x86)/atmel/studio/7.0/toolchain/arm/arm-gnu-toolchain/bin/../lib/gcc/arm-none-eabi/6.3.1/../../../../arm-none-eabi/lib/thumb/v7-m\libc.a(lib_a-__atexit.o)
                0x00082834                __register_exitproc
 *(.glue_7t)
 .glue_7t       0x000828f8        0x0 linker stubs
 *(.glue_7)
 .glue_7        0x000828f8        0x0 linker stubs
 *(.rodata .rodata* .gnu.linkonce.r.*)
 .rodata.str1.4
                0x000828f8       0x24 main.o
 .rodata.str1.4
                0x0008291c        0x7 printf-stdarg.o
 *fill*         0x00082923        0x1 
 .rodata.str1.4
                0x00082924       0x1e uart.o
 *fill*         0x00082942        0x2 
 .rodata.pow.str1.4
                0x00082944        0x4 c:/program files (x86)/atmel/studio/7.0/toolchain/arm/arm-gnu-toolchain/bin/../lib/gcc/arm-none-eabi/6.3.1/../../../../arm-none-eabi/lib/thumb/v7-m\libm.a(lib_a-w_pow.o)
 .rodata.__ieee754_pow.str1.4
                0x00082948        0x4 c:/program files (x86)/atmel/studio/7.0/toolchain/arm/arm-gnu-toolchain/bin/../lib/gcc/arm-none-eabi/6.3.1/../../../../arm-none-eabi/lib/thumb/v7-m\libm.a(lib_a-e_pow.o)
                                  0x1 (size before relaxing)
 *fill*         0x0008294c        0x4 
 .rodata.TWO52  0x00082950       0x10 c:/program files (x86)/atmel/studio/7.0/toolchain/arm/arm-gnu-toolchain/bin/../lib/gcc/arm-none-eabi/6.3.1/../../../../arm-none-eabi/lib/thumb/v7-m\libm.a(lib_a-s_rint.o)
 .rodata._global_impure_ptr
                0x00082960        0x4 c:/program files (x86)/atmel/studio/7.0/toolchain/arm/arm-gnu-toolchain/bin/../lib/gcc/arm-none-eabi/6.3.1/../../../../arm-none-eabi/lib/thumb/v7-m\libc.a(lib_a-impure.o)
                0x00082960                _global_impure_ptr
 *(.ARM.extab* .gnu.linkonce.armextab.*)
                0x00082964                . = ALIGN (0x4)
 *(.init)
 .init          0x00082964        0x4 c:/program files (x86)/atmel/studio/7.0/toolchain/arm/arm-gnu-toolchain/bin/../lib/gcc/arm-none-eabi/6.3.1/thumb/v7-m/crti.o
                0x00082964                _init
 .init          0x00082968        0x8 c:/program files (x86)/atmel/studio/7.0/toolchain/arm/arm-gnu-toolchain/bin/../lib/gcc/arm-none-eabi/6.3.1/thumb/v7-m/crtn.o
                0x00082970                . = ALIGN (0x4)
                0x00082970                __preinit_array_start = .
 *(.preinit_array)
                0x00082970                __preinit_array_end = .
                0x00082970                . = ALIGN (0x4)
                0x00082970                __init_array_start = .
 *(SORT(.init_array.*))
 .init_array.00000
                0x00082970        0x4 c:/program files (x86)/atmel/studio/7.0/toolchain/arm/arm-gnu-toolchain/bin/../lib/gcc/arm-none-eabi/6.3.1/../../../../arm-none-eabi/lib/thumb/v7-m\libc.a(lib_a-__call_atexit.o)
 *(.init_array)
 .init_array    0x00082974        0x4 c:/program files (x86)/atmel/studio/7.0/toolchain/arm/arm-gnu-toolchain/bin/../lib/gcc/arm-none-eabi/6.3.1/thumb/v7-m/crtbegin.o
                0x00082978                __init_array_end = .
                0x00082978                . = ALIGN (0x4)
 *crtbegin.o(.ctors)
 *(EXCLUDE_FILE(*crtend.o) .ctors)
 *(SORT(.ctors.*))
 *crtend.o(.ctors)
                0x00082978                . = ALIGN (0x4)
 *(.fini)
 .fini          0x00082978        0x4 c:/program files (x86)/atmel/studio/7.0/toolchain/arm/arm-gnu-toolchain/bin/../lib/gcc/arm-none-eabi/6.3.1/thumb/v7-m/crti.o
                0x00082978                _fini
 .fini          0x0008297c        0x8 c:/program files (x86)/atmel/studio/7.0/toolchain/arm/arm-gnu-toolchain/bin/../lib/gcc/arm-none-eabi/6.3.1/thumb/v7-m/crtn.o
                0x00082984                . = ALIGN (0x4)
                0x00082984                __fini_array_start = .
 *(.fini_array)
 .fini_array    0x00082984        0x4 c:/program files (x86)/atmel/studio/7.0/toolchain/arm/arm-gnu-toolchain/bin/../lib/gcc/arm-none-eabi/6.3.1/thumb/v7-m/crtbegin.o
 *(SORT(.fini_array.*))
                0x00082988                __fini_array_end = .
 *crtbegin.o(.dtors)
 *(EXCLUDE_FILE(*crtend.o) .dtors)
 *(SORT(.dtors.*))
 *crtend.o(.dtors)
                0x00082988                . = ALIGN (0x4)
                0x00082988                _efixed = .
                [!provide]                PROVIDE (__exidx_start, .)

.vfp11_veneer   0x00082988        0x0
 .vfp11_veneer  0x00082988        0x0 linker stubs

.v4_bx          0x00082988        0x0
 .v4_bx         0x00082988        0x0 linker stubs

.iplt           0x00082988        0x0
 .iplt          0x00082988        0x0 c:/program files (x86)/atmel/studio/7.0/toolchain/arm/arm-gnu-toolchain/bin/../lib/gcc/arm-none-eabi/6.3.1/thumb/v7-m/crtbegin.o

.eh_frame       0x00082988        0x0
 .eh_frame      0x00082988        0x0 c:/program files (x86)/atmel/studio/7.0/toolchain/arm/arm-gnu-toolchain/bin/../lib/gcc/arm-none-eabi/6.3.1/thumb/v7-m/crtbegin.o

.rel.dyn        0x00082988        0x0
 .rel.iplt      0x00082988        0x0 c:/program files (x86)/atmel/studio/7.0/toolchain/arm/arm-gnu-toolchain/bin/../lib/gcc/arm-none-eabi/6.3.1/thumb/v7-m/crtbegin.o

.jcr            0x00082988        0x0
 .jcr           0x00082988        0x0 c:/program files (x86)/atmel/studio/7.0/toolchain/arm/arm-gnu-toolchain/bin/../lib/gcc/arm-none-eabi/6.3.1/thumb/v7-m/crtbegin.o

.igot.plt       0x00082988        0x0
 .igot.plt      0x00082988        0x0 c:/program files (x86)/atmel/studio/7.0/toolchain/arm/arm-gnu-toolchain/bin/../lib/gcc/arm-none-eabi/6.3.1/thumb/v7-m/crtbegin.o

.ARM.exidx
 *(.ARM.exidx* .gnu.linkonce.armexidx.*)
                [!provide]                PROVIDE (__exidx_end, .)
                0x00082988                . = ALIGN (0x4)
                0x00082988                _etext = .

.relocate       0x20000000      0x43c load address 0x00082988
                0x20000000                . = ALIGN (0x4)
                0x20000000                _srelocate = .
 *(.ramfunc .ramfunc.*)
 *(.data .data.*)
 .data          0x20000000        0x4 Device_Startup/system_sam3xa.o
                0x20000000                SystemCoreClock
 .data.__fdlib_version
                0x20000004        0x1 c:/program files (x86)/atmel/studio/7.0/toolchain/arm/arm-gnu-toolchain/bin/../lib/gcc/arm-none-eabi/6.3.1/../../../../arm-none-eabi/lib/thumb/v7-m\libm.a(lib_a-s_lib_ver.o)
                0x20000004                __fdlib_version
 *fill*         0x20000005        0x3 
 .data._impure_ptr
                0x20000008        0x4 c:/program files (x86)/atmel/studio/7.0/toolchain/arm/arm-gnu-toolchain/bin/../lib/gcc/arm-none-eabi/6.3.1/../../../../arm-none-eabi/lib/thumb/v7-m\libc.a(lib_a-impure.o)
                0x20000008                _impure_ptr
 *fill*         0x2000000c        0x4 
 .data.impure_data
                0x20000010      0x428 c:/program files (x86)/atmel/studio/7.0/toolchain/arm/arm-gnu-toolchain/bin/../lib/gcc/arm-none-eabi/6.3.1/../../../../arm-none-eabi/lib/thumb/v7-m\libc.a(lib_a-impure.o)
 .data.__atexit_recursive_mutex
                0x20000438        0x4 c:/program files (x86)/atmel/studio/7.0/toolchain/arm/arm-gnu-toolchain/bin/../lib/gcc/arm-none-eabi/6.3.1/../../../../arm-none-eabi/lib/thumb/v7-m\libc.a(lib_a-__call_atexit.o)
                0x20000438                __atexit_recursive_mutex
                0x2000043c                . = ALIGN (0x4)
                0x2000043c                _erelocate = .

.bss            0x2000043c       0x88 load address 0x00082dc4
                0x2000043c                . = ALIGN (0x4)
                0x2000043c                _sbss = .
                0x2000043c                _szero = .
 *(.bss .bss.*)
 .bss           0x2000043c       0x1c c:/program files (x86)/atmel/studio/7.0/toolchain/arm/arm-gnu-toolchain/bin/../lib/gcc/arm-none-eabi/6.3.1/thumb/v7-m/crtbegin.o
 *(COMMON)
 COMMON         0x20000458        0x1 can_interrupt.o
                0x20000458                slider_value
 *fill*         0x20000459        0x3 
 COMMON         0x2000045c       0x42 uart.o
                0x2000045c                rx_buffer
 *fill*         0x2000049e        0x2 
 COMMON         0x200004a0       0x21 c:/program files (x86)/atmel/studio/7.0/toolchain/arm/arm-gnu-toolchain/bin/../lib/gcc/arm-none-eabi/6.3.1/../../../../arm-none-eabi/lib/thumb/v7-m\libc.a(lib_a-lock.o)
                0x200004a0                __lock___atexit_recursive_mutex
                0x200004a4                __lock___arc4random_mutex
                0x200004a8                __lock___env_recursive_mutex
                0x200004ac                __lock___sinit_recursive_mutex
                0x200004b0                __lock___malloc_recursive_mutex
                0x200004b4                __lock___at_quick_exit_mutex
                0x200004b8                __lock___dd_hash_mutex
                0x200004bc                __lock___tz_mutex
                0x200004c0                __lock___sfp_recursive_mutex
                0x200004c4                . = ALIGN (0x4)
 *fill*         0x200004c1        0x3 
                0x200004c4                _ebss = .
                0x200004c4                _ezero = .

.stack          0x200004c4      0x404 load address 0x00082e4c
                0x200004c8                . = ALIGN (0x8)
 *fill*         0x200004c4        0x4 
                0x200004c8                _sstack = .
                0x200008c8                . = (. + STACK_SIZE)
 *fill*         0x200004c8      0x400 
                0x200008c8                . = ALIGN (0x8)
                0x200008c8                _estack = .

.heap           0x200008c8      0x200 load address 0x00083250
                0x200008c8                . = ALIGN (0x8)
                0x200008c8                _sheap = .
                0x20000ac8                . = (. + HEAP_SIZE)
 *fill*         0x200008c8      0x200 
                0x20000ac8                . = ALIGN (0x8)
                0x20000ac8                _eheap = .
                0x20000ac8                . = ALIGN (0x4)
                0x20000ac8                _end = .
                0x20017fff                _ram_end_ = ((ORIGIN (ram) + LENGTH (ram)) - 0x1)
OUTPUT(GccApplication2.elf elf32-littlearm)

.ARM.attributes
                0x00000000       0x29
 .ARM.attributes
                0x00000000       0x1d c:/program files (x86)/atmel/studio/7.0/toolchain/arm/arm-gnu-toolchain/bin/../lib/gcc/arm-none-eabi/6.3.1/thumb/v7-m/crti.o
 .ARM.attributes
                0x0000001d       0x2d c:/program files (x86)/atmel/studio/7.0/toolchain/arm/arm-gnu-toolchain/bin/../lib/gcc/arm-none-eabi/6.3.1/thumb/v7-m/crtbegin.o
 .ARM.attributes
                0x0000004a       0x33 can_controller.o
 .ARM.attributes
                0x0000007d       0x33 can_interrupt.o
 .ARM.attributes
                0x000000b0       0x33 Device_Startup/startup_sam3xa.o
 .ARM.attributes
                0x000000e3       0x33 Device_Startup/system_sam3xa.o
 .ARM.attributes
                0x00000116       0x33 Motor_controller.o
 .ARM.attributes
                0x00000149       0x33 main.o
 .ARM.attributes
                0x0000017c       0x33 printf-stdarg.o
 .ARM.attributes
                0x000001af       0x33 pwm_module.o
 .ARM.attributes
                0x000001e2       0x33 uart.o
 .ARM.attributes
                0x00000215       0x2d c:/program files (x86)/atmel/studio/7.0/toolchain/arm/arm-gnu-toolchain/bin/../lib/gcc/arm-none-eabi/6.3.1/../../../../arm-none-eabi/lib/thumb/v7-m\libm.a(lib_a-w_pow.o)
 .ARM.attributes
                0x00000242       0x2d c:/program files (x86)/atmel/studio/7.0/toolchain/arm/arm-gnu-toolchain/bin/../lib/gcc/arm-none-eabi/6.3.1/../../../../arm-none-eabi/lib/thumb/v7-m\libm.a(lib_a-e_pow.o)
 .ARM.attributes
                0x0000026f       0x2d c:/program files (x86)/atmel/studio/7.0/toolchain/arm/arm-gnu-toolchain/bin/../lib/gcc/arm-none-eabi/6.3.1/../../../../arm-none-eabi/lib/thumb/v7-m\libm.a(lib_a-e_sqrt.o)
 .ARM.attributes
                0x0000029c       0x2d c:/program files (x86)/atmel/studio/7.0/toolchain/arm/arm-gnu-toolchain/bin/../lib/gcc/arm-none-eabi/6.3.1/../../../../arm-none-eabi/lib/thumb/v7-m\libm.a(lib_a-s_fabs.o)
 .ARM.attributes
                0x000002c9       0x2d c:/program files (x86)/atmel/studio/7.0/toolchain/arm/arm-gnu-toolchain/bin/../lib/gcc/arm-none-eabi/6.3.1/../../../../arm-none-eabi/lib/thumb/v7-m\libm.a(lib_a-s_finite.o)
 .ARM.attributes
                0x000002f6       0x2d c:/program files (x86)/atmel/studio/7.0/toolchain/arm/arm-gnu-toolchain/bin/../lib/gcc/arm-none-eabi/6.3.1/../../../../arm-none-eabi/lib/thumb/v7-m\libm.a(lib_a-s_lib_ver.o)
 .ARM.attributes
                0x00000323       0x2d c:/program files (x86)/atmel/studio/7.0/toolchain/arm/arm-gnu-toolchain/bin/../lib/gcc/arm-none-eabi/6.3.1/../../../../arm-none-eabi/lib/thumb/v7-m\libm.a(lib_a-s_matherr.o)
 .ARM.attributes
                0x00000350       0x2d c:/program files (x86)/atmel/studio/7.0/toolchain/arm/arm-gnu-toolchain/bin/../lib/gcc/arm-none-eabi/6.3.1/../../../../arm-none-eabi/lib/thumb/v7-m\libm.a(lib_a-s_nan.o)
 .ARM.attributes
                0x0000037d       0x2d c:/program files (x86)/atmel/studio/7.0/toolchain/arm/arm-gnu-toolchain/bin/../lib/gcc/arm-none-eabi/6.3.1/../../../../arm-none-eabi/lib/thumb/v7-m\libm.a(lib_a-s_rint.o)
 .ARM.attributes
                0x000003aa       0x2d c:/program files (x86)/atmel/studio/7.0/toolchain/arm/arm-gnu-toolchain/bin/../lib/gcc/arm-none-eabi/6.3.1/../../../../arm-none-eabi/lib/thumb/v7-m\libm.a(lib_a-s_scalbn.o)
 .ARM.attributes
                0x000003d7       0x2d c:/program files (x86)/atmel/studio/7.0/toolchain/arm/arm-gnu-toolchain/bin/../lib/gcc/arm-none-eabi/6.3.1/../../../../arm-none-eabi/lib/thumb/v7-m\libm.a(lib_a-s_copysign.o)
 .ARM.attributes
                0x00000404       0x1d c:/program files (x86)/atmel/studio/7.0/toolchain/arm/arm-gnu-toolchain/bin/../lib/gcc/arm-none-eabi/6.3.1/thumb/v7-m\libgcc.a(_arm_addsubdf3.o)
 .ARM.attributes
                0x00000421       0x1d c:/program files (x86)/atmel/studio/7.0/toolchain/arm/arm-gnu-toolchain/bin/../lib/gcc/arm-none-eabi/6.3.1/thumb/v7-m\libgcc.a(_arm_muldivdf3.o)
 .ARM.attributes
                0x0000043e       0x1d c:/program files (x86)/atmel/studio/7.0/toolchain/arm/arm-gnu-toolchain/bin/../lib/gcc/arm-none-eabi/6.3.1/thumb/v7-m\libgcc.a(_arm_cmpdf2.o)
 .ARM.attributes
                0x0000045b       0x1d c:/program files (x86)/atmel/studio/7.0/toolchain/arm/arm-gnu-toolchain/bin/../lib/gcc/arm-none-eabi/6.3.1/thumb/v7-m\libgcc.a(_arm_unorddf2.o)
 .ARM.attributes
                0x00000478       0x1d c:/program files (x86)/atmel/studio/7.0/toolchain/arm/arm-gnu-toolchain/bin/../lib/gcc/arm-none-eabi/6.3.1/thumb/v7-m\libgcc.a(_arm_fixdfsi.o)
 .ARM.attributes
                0x00000495       0x2d c:/program files (x86)/atmel/studio/7.0/toolchain/arm/arm-gnu-toolchain/bin/../lib/gcc/arm-none-eabi/6.3.1/../../../../arm-none-eabi/lib/thumb/v7-m\libc.a(lib_a-errno.o)
 .ARM.attributes
                0x000004c2       0x2d c:/program files (x86)/atmel/studio/7.0/toolchain/arm/arm-gnu-toolchain/bin/../lib/gcc/arm-none-eabi/6.3.1/../../../../arm-none-eabi/lib/thumb/v7-m\libc.a(lib_a-impure.o)
 .ARM.attributes
                0x000004ef       0x2d c:/program files (x86)/atmel/studio/7.0/toolchain/arm/arm-gnu-toolchain/bin/../lib/gcc/arm-none-eabi/6.3.1/../../../../arm-none-eabi/lib/thumb/v7-m\libc.a(lib_a-init.o)
 .ARM.attributes
                0x0000051c       0x2d c:/program files (x86)/atmel/studio/7.0/toolchain/arm/arm-gnu-toolchain/bin/../lib/gcc/arm-none-eabi/6.3.1/../../../../arm-none-eabi/lib/thumb/v7-m\libc.a(lib_a-__call_atexit.o)
 .ARM.attributes
                0x00000549       0x2d c:/program files (x86)/atmel/studio/7.0/toolchain/arm/arm-gnu-toolchain/bin/../lib/gcc/arm-none-eabi/6.3.1/../../../../arm-none-eabi/lib/thumb/v7-m\libc.a(lib_a-atexit.o)
 .ARM.attributes
                0x00000576       0x2d c:/program files (x86)/atmel/studio/7.0/toolchain/arm/arm-gnu-toolchain/bin/../lib/gcc/arm-none-eabi/6.3.1/../../../../arm-none-eabi/lib/thumb/v7-m\libc.a(lib_a-fini.o)
 .ARM.attributes
                0x000005a3       0x2d c:/program files (x86)/atmel/studio/7.0/toolchain/arm/arm-gnu-toolchain/bin/../lib/gcc/arm-none-eabi/6.3.1/../../../../arm-none-eabi/lib/thumb/v7-m\libc.a(lib_a-lock.o)
 .ARM.attributes
                0x000005d0       0x2d c:/program files (x86)/atmel/studio/7.0/toolchain/arm/arm-gnu-toolchain/bin/../lib/gcc/arm-none-eabi/6.3.1/../../../../arm-none-eabi/lib/thumb/v7-m\libc.a(lib_a-__atexit.o)
 .ARM.attributes
                0x000005fd       0x1d c:/program files (x86)/atmel/studio/7.0/toolchain/arm/arm-gnu-toolchain/bin/../lib/gcc/arm-none-eabi/6.3.1/thumb/v7-m/crtn.o

.comment        0x00000000       0x59
 .comment       0x00000000       0x59 can_controller.o
                                 0x5a (size before relaxing)
 .comment       0x00000059       0x5a can_interrupt.o
 .comment       0x00000059       0x5a Device_Startup/startup_sam3xa.o
 .comment       0x00000059       0x5a Device_Startup/system_sam3xa.o
 .comment       0x00000059       0x5a Motor_controller.o
 .comment       0x00000059       0x5a main.o
 .comment       0x00000059       0x5a printf-stdarg.o
 .comment       0x00000059       0x5a pwm_module.o
 .comment       0x00000059       0x5a uart.o

.debug_info     0x00000000     0x7d1e
 .debug_info    0x00000000      0xd68 can_controller.o
 .debug_info    0x00000d68     0x1315 can_interrupt.o
 .debug_info    0x0000207d      0x74e Device_Startup/startup_sam3xa.o
 .debug_info    0x000027cb      0x444 Device_Startup/system_sam3xa.o
 .debug_info    0x00002c0f     0x12c6 Motor_controller.o
 .debug_info    0x00003ed5     0x17b0 main.o
 .debug_info    0x00005685      0x60b printf-stdarg.o
 .debug_info    0x00005c90     0x1471 pwm_module.o
 .debug_info    0x00007101      0xc1d uart.o

.debug_abbrev   0x00000000     0x11e1
 .debug_abbrev  0x00000000      0x212 can_controller.o
 .debug_abbrev  0x00000212      0x29d can_interrupt.o
 .debug_abbrev  0x000004af      0x153 Device_Startup/startup_sam3xa.o
 .debug_abbrev  0x00000602      0x102 Device_Startup/system_sam3xa.o
 .debug_abbrev  0x00000704      0x232 Motor_controller.o
 .debug_abbrev  0x00000936      0x330 main.o
 .debug_abbrev  0x00000c66      0x194 printf-stdarg.o
 .debug_abbrev  0x00000dfa      0x1d6 pwm_module.o
 .debug_abbrev  0x00000fd0      0x211 uart.o

.debug_loc      0x00000000     0x1062
 .debug_loc     0x00000000      0x2b5 can_controller.o
 .debug_loc     0x000002b5       0x78 can_interrupt.o
 .debug_loc     0x0000032d       0x78 Device_Startup/startup_sam3xa.o
 .debug_loc     0x000003a5       0x87 Motor_controller.o
 .debug_loc     0x0000042c      0x1f5 main.o
 .debug_loc     0x00000621      0x8d2 printf-stdarg.o
 .debug_loc     0x00000ef3       0xa1 pwm_module.o
 .debug_loc     0x00000f94       0xce uart.o

.debug_aranges  0x00000000      0x1b8
 .debug_aranges
                0x00000000       0x38 can_controller.o
 .debug_aranges
                0x00000038       0x20 can_interrupt.o
 .debug_aranges
                0x00000058       0x28 Device_Startup/startup_sam3xa.o
 .debug_aranges
                0x00000080       0x30 Device_Startup/system_sam3xa.o
 .debug_aranges
                0x000000b0       0x30 Motor_controller.o
 .debug_aranges
                0x000000e0       0x28 main.o
 .debug_aranges
                0x00000108       0x50 printf-stdarg.o
 .debug_aranges
                0x00000158       0x28 pwm_module.o
 .debug_aranges
                0x00000180       0x38 uart.o

.debug_ranges   0x00000000      0x1b8
 .debug_ranges  0x00000000       0x28 can_controller.o
 .debug_ranges  0x00000028       0x40 can_interrupt.o
 .debug_ranges  0x00000068       0x18 Device_Startup/startup_sam3xa.o
 .debug_ranges  0x00000080       0x20 Device_Startup/system_sam3xa.o
 .debug_ranges  0x000000a0       0x20 Motor_controller.o
 .debug_ranges  0x000000c0       0x60 main.o
 .debug_ranges  0x00000120       0x58 printf-stdarg.o
 .debug_ranges  0x00000178       0x18 pwm_module.o
 .debug_ranges  0x00000190       0x28 uart.o

.debug_macro    0x00000000    0x13119
 .debug_macro   0x00000000      0x392 can_controller.o
 .debug_macro   0x00000392      0x8b0 can_controller.o
 .debug_macro   0x00000c42       0x22 can_controller.o
 .debug_macro   0x00000c64       0x87 can_controller.o
 .debug_macro   0x00000ceb       0x51 can_controller.o
 .debug_macro   0x00000d3c       0xef can_controller.o
 .debug_macro   0x00000e2b       0x6a can_controller.o
 .debug_macro   0x00000e95      0x1df can_controller.o
 .debug_macro   0x00001074       0x26 can_controller.o
 .debug_macro   0x0000109a       0x1c can_controller.o
 .debug_macro   0x000010b6       0x22 can_controller.o
 .debug_macro   0x000010d8       0xc3 can_controller.o
 .debug_macro   0x0000119b      0xe49 can_controller.o
 .debug_macro   0x00001fe4      0x11f can_controller.o
 .debug_macro   0x00002103      0xa7d can_controller.o
 .debug_macro   0x00002b80      0x55a can_controller.o
 .debug_macro   0x000030da      0x1a8 can_controller.o
 .debug_macro   0x00003282      0x30b can_controller.o
 .debug_macro   0x0000358d      0x709 can_controller.o
 .debug_macro   0x00003c96       0xd6 can_controller.o
 .debug_macro   0x00003d6c      0x56c can_controller.o
 .debug_macro   0x000042d8       0x1c can_controller.o
 .debug_macro   0x000042f4      0x678 can_controller.o
 .debug_macro   0x0000496c      0x51e can_controller.o
 .debug_macro   0x00004e8a       0xbe can_controller.o
 .debug_macro   0x00004f48     0x2333 can_controller.o
 .debug_macro   0x0000727b      0x7d1 can_controller.o
 .debug_macro   0x00007a4c      0xdbb can_controller.o
 .debug_macro   0x00008807       0x9a can_controller.o
 .debug_macro   0x000088a1      0x29c can_controller.o
 .debug_macro   0x00008b3d       0x58 can_controller.o
 .debug_macro   0x00008b95      0x999 can_controller.o
 .debug_macro   0x0000952e      0x22d can_controller.o
 .debug_macro   0x0000975b      0x4b4 can_controller.o
 .debug_macro   0x00009c0f      0x64a can_controller.o
 .debug_macro   0x0000a259      0x590 can_controller.o
 .debug_macro   0x0000a7e9       0x46 can_controller.o
 .debug_macro   0x0000a82f      0x33f can_controller.o
 .debug_macro   0x0000ab6e      0x27e can_controller.o
 .debug_macro   0x0000adec     0x14dc can_controller.o
 .debug_macro   0x0000c2c8      0x7cf can_controller.o
 .debug_macro   0x0000ca97       0x76 can_controller.o
 .debug_macro   0x0000cb0d       0x82 can_controller.o
 .debug_macro   0x0000cb8f       0x76 can_controller.o
 .debug_macro   0x0000cc05       0x4c can_controller.o
 .debug_macro   0x0000cc51      0x100 can_controller.o
 .debug_macro   0x0000cd51      0x100 can_controller.o
 .debug_macro   0x0000ce51      0x100 can_controller.o
 .debug_macro   0x0000cf51       0x88 can_controller.o
 .debug_macro   0x0000cfd9       0x88 can_controller.o
 .debug_macro   0x0000d061      0x3b4 can_controller.o
 .debug_macro   0x0000d415       0xbe can_controller.o
 .debug_macro   0x0000d4d3       0xbe can_controller.o
 .debug_macro   0x0000d591       0xbe can_controller.o
 .debug_macro   0x0000d64f       0xbe can_controller.o
 .debug_macro   0x0000d70d      0x2b8 can_controller.o
 .debug_macro   0x0000d9c5      0x118 can_controller.o
 .debug_macro   0x0000dadd      0x216 can_controller.o
 .debug_macro   0x0000dcf3      0x216 can_controller.o
 .debug_macro   0x0000df09       0x2e can_controller.o
 .debug_macro   0x0000df37       0xac can_controller.o
 .debug_macro   0x0000dfe3      0x13e can_controller.o
 .debug_macro   0x0000e121       0x7c can_controller.o
 .debug_macro   0x0000e19d      0x1f6 can_controller.o
 .debug_macro   0x0000e393       0x64 can_controller.o
 .debug_macro   0x0000e3f7       0xa6 can_controller.o
 .debug_macro   0x0000e49d       0x7c can_controller.o
 .debug_macro   0x0000e519       0x16 can_controller.o
 .debug_macro   0x0000e52f       0x22 can_controller.o
 .debug_macro   0x0000e551       0x22 can_controller.o
 .debug_macro   0x0000e573      0x10c can_controller.o
 .debug_macro   0x0000e67f      0x10c can_controller.o
 .debug_macro   0x0000e78b      0x10c can_controller.o
 .debug_macro   0x0000e897      0x10c can_controller.o
 .debug_macro   0x0000e9a3       0x1c can_controller.o
 .debug_macro   0x0000e9bf       0x2e can_controller.o
 .debug_macro   0x0000e9ed       0x22 can_controller.o
 .debug_macro   0x0000ea0f       0x1c can_controller.o
 .debug_macro   0x0000ea2b       0x58 can_controller.o
 .debug_macro   0x0000ea83       0x10 can_controller.o
 .debug_macro   0x0000ea93      0x27a can_controller.o
 .debug_macro   0x0000ed0d      0xd34 can_controller.o
 .debug_macro   0x0000fa41      0x170 can_controller.o
 .debug_macro   0x0000fbb1       0x10 can_controller.o
 .debug_macro   0x0000fbc1      0x4f3 can_interrupt.o
 .debug_macro   0x000100b4       0x52 can_interrupt.o
 .debug_macro   0x00010106       0x8d can_interrupt.o
 .debug_macro   0x00010193       0x35 can_interrupt.o
 .debug_macro   0x000101c8       0x9c can_interrupt.o
 .debug_macro   0x00010264       0x16 can_interrupt.o
 .debug_macro   0x0001027a       0x57 can_interrupt.o
 .debug_macro   0x000102d1       0x97 can_interrupt.o
 .debug_macro   0x00010368      0x353 can_interrupt.o
 .debug_macro   0x000106bb       0xf6 can_interrupt.o
 .debug_macro   0x000107b1       0x10 can_interrupt.o
 .debug_macro   0x000107c1       0x58 can_interrupt.o
 .debug_macro   0x00010819       0x1f can_interrupt.o
 .debug_macro   0x00010838       0x43 can_interrupt.o
 .debug_macro   0x0001087b       0x20 can_interrupt.o
 .debug_macro   0x0001089b      0x187 can_interrupt.o
 .debug_macro   0x00010a22       0x10 can_interrupt.o
 .debug_macro   0x00010a32       0x1c can_interrupt.o
 .debug_macro   0x00010a4e       0x52 can_interrupt.o
 .debug_macro   0x00010aa0       0x40 can_interrupt.o
 .debug_macro   0x00010ae0       0x10 can_interrupt.o
 .debug_macro   0x00010af0       0x40 can_interrupt.o
 .debug_macro   0x00010b30       0xd7 can_interrupt.o
 .debug_macro   0x00010c07       0x16 can_interrupt.o
 .debug_macro   0x00010c1d      0x18b can_interrupt.o
 .debug_macro   0x00010da8       0x20 can_interrupt.o
 .debug_macro   0x00010dc8       0xbd can_interrupt.o
 .debug_macro   0x00010e85       0x1c can_interrupt.o
 .debug_macro   0x00010ea1      0x371 Device_Startup/startup_sam3xa.o
 .debug_macro   0x00011212      0x383 Device_Startup/system_sam3xa.o
 .debug_macro   0x00011595      0x4e9 Motor_controller.o
 .debug_macro   0x00011a7e      0x571 main.o
 .debug_macro   0x00011fef       0x58 main.o
 .debug_macro   0x00012047      0x16d main.o
 .debug_macro   0x000121b4      0x34d main.o
 .debug_macro   0x00012501       0x10 main.o
 .debug_macro   0x00012511       0x35 main.o
 .debug_macro   0x00012546       0x1c main.o
 .debug_macro   0x00012562       0x16 main.o
 .debug_macro   0x00012578       0x16 main.o
 .debug_macro   0x0001258e       0x29 main.o
 .debug_macro   0x000125b7      0x1e1 main.o
 .debug_macro   0x00012798       0x8e printf-stdarg.o
 .debug_macro   0x00012826       0x58 printf-stdarg.o
 .debug_macro   0x0001287e      0x51d pwm_module.o
 .debug_macro   0x00012d9b      0x37e uart.o

.debug_line     0x00000000     0x453e
 .debug_line    0x00000000      0x7fb can_controller.o
 .debug_line    0x000007fb      0x8a9 can_interrupt.o
 .debug_line    0x000010a4      0x728 Device_Startup/startup_sam3xa.o
 .debug_line    0x000017cc      0x785 Device_Startup/system_sam3xa.o
 .debug_line    0x00001f51      0x8bf Motor_controller.o
 .debug_line    0x00002810      0x963 main.o
 .debug_line    0x00003173      0x3cb printf-stdarg.o
 .debug_line    0x0000353e      0x884 pwm_module.o
 .debug_line    0x00003dc2      0x77c uart.o

.debug_str      0x00000000    0x55cc0
 .debug_str     0x00000000    0x5054f can_controller.o
                              0x50724 (size before relaxing)
 .debug_str     0x0005054f     0x40f1 can_interrupt.o
                              0x54750 (size before relaxing)
 .debug_str     0x00054640      0x506 Device_Startup/startup_sam3xa.o
                              0x504c4 (size before relaxing)
 .debug_str     0x00054b46      0x195 Device_Startup/system_sam3xa.o
                              0x50257 (size before relaxing)
 .debug_str     0x00054cdb      0x110 Motor_controller.o
                              0x54542 (size before relaxing)
 .debug_str     0x00054deb      0xa59 main.o
                              0x552cd (size before relaxing)
 .debug_str     0x00055844      0x17a printf-stdarg.o
                               0x364a (size before relaxing)
 .debug_str     0x000559be      0x1ff pwm_module.o
                              0x546f3 (size before relaxing)
 .debug_str     0x00055bbd      0x103 uart.o
                              0x506b3 (size before relaxing)

.debug_frame    0x00000000      0x954
 .debug_frame   0x00000000       0x80 can_controller.o
 .debug_frame   0x00000080       0x30 can_interrupt.o
 .debug_frame   0x000000b0       0x38 Device_Startup/startup_sam3xa.o
 .debug_frame   0x000000e8       0x40 Device_Startup/system_sam3xa.o
 .debug_frame   0x00000128       0x60 Motor_controller.o
 .debug_frame   0x00000188       0x50 main.o
 .debug_frame   0x000001d8      0x124 printf-stdarg.o
 .debug_frame   0x000002fc       0x30 pwm_module.o
 .debug_frame   0x0000032c       0x58 uart.o
 .debug_frame   0x00000384       0x48 c:/program files (x86)/atmel/studio/7.0/toolchain/arm/arm-gnu-toolchain/bin/../lib/gcc/arm-none-eabi/6.3.1/../../../../arm-none-eabi/lib/thumb/v7-m\libm.a(lib_a-w_pow.o)
 .debug_frame   0x000003cc       0x64 c:/program files (x86)/atmel/studio/7.0/toolchain/arm/arm-gnu-toolchain/bin/../lib/gcc/arm-none-eabi/6.3.1/../../../../arm-none-eabi/lib/thumb/v7-m\libm.a(lib_a-e_pow.o)
 .debug_frame   0x00000430       0x34 c:/program files (x86)/atmel/studio/7.0/toolchain/arm/arm-gnu-toolchain/bin/../lib/gcc/arm-none-eabi/6.3.1/../../../../arm-none-eabi/lib/thumb/v7-m\libm.a(lib_a-e_sqrt.o)
 .debug_frame   0x00000464       0x20 c:/program files (x86)/atmel/studio/7.0/toolchain/arm/arm-gnu-toolchain/bin/../lib/gcc/arm-none-eabi/6.3.1/../../../../arm-none-eabi/lib/thumb/v7-m\libm.a(lib_a-s_fabs.o)
 .debug_frame   0x00000484       0x20 c:/program files (x86)/atmel/studio/7.0/toolchain/arm/arm-gnu-toolchain/bin/../lib/gcc/arm-none-eabi/6.3.1/../../../../arm-none-eabi/lib/thumb/v7-m\libm.a(lib_a-s_finite.o)
 .debug_frame   0x000004a4       0x20 c:/program files (x86)/atmel/studio/7.0/toolchain/arm/arm-gnu-toolchain/bin/../lib/gcc/arm-none-eabi/6.3.1/../../../../arm-none-eabi/lib/thumb/v7-m\libm.a(lib_a-s_matherr.o)
 .debug_frame   0x000004c4       0x20 c:/program files (x86)/atmel/studio/7.0/toolchain/arm/arm-gnu-toolchain/bin/../lib/gcc/arm-none-eabi/6.3.1/../../../../arm-none-eabi/lib/thumb/v7-m\libm.a(lib_a-s_nan.o)
 .debug_frame   0x000004e4       0x3c c:/program files (x86)/atmel/studio/7.0/toolchain/arm/arm-gnu-toolchain/bin/../lib/gcc/arm-none-eabi/6.3.1/../../../../arm-none-eabi/lib/thumb/v7-m\libm.a(lib_a-s_rint.o)
 .debug_frame   0x00000520       0x30 c:/program files (x86)/atmel/studio/7.0/toolchain/arm/arm-gnu-toolchain/bin/../lib/gcc/arm-none-eabi/6.3.1/../../../../arm-none-eabi/lib/thumb/v7-m\libm.a(lib_a-s_scalbn.o)
 .debug_frame   0x00000550       0x20 c:/program files (x86)/atmel/studio/7.0/toolchain/arm/arm-gnu-toolchain/bin/../lib/gcc/arm-none-eabi/6.3.1/../../../../arm-none-eabi/lib/thumb/v7-m\libm.a(lib_a-s_copysign.o)
 .debug_frame   0x00000570       0xac c:/program files (x86)/atmel/studio/7.0/toolchain/arm/arm-gnu-toolchain/bin/../lib/gcc/arm-none-eabi/6.3.1/thumb/v7-m\libgcc.a(_arm_addsubdf3.o)
 .debug_frame   0x0000061c       0x50 c:/program files (x86)/atmel/studio/7.0/toolchain/arm/arm-gnu-toolchain/bin/../lib/gcc/arm-none-eabi/6.3.1/thumb/v7-m\libgcc.a(_arm_muldivdf3.o)
 .debug_frame   0x0000066c       0xc4 c:/program files (x86)/atmel/studio/7.0/toolchain/arm/arm-gnu-toolchain/bin/../lib/gcc/arm-none-eabi/6.3.1/thumb/v7-m\libgcc.a(_arm_cmpdf2.o)
 .debug_frame   0x00000730       0x20 c:/program files (x86)/atmel/studio/7.0/toolchain/arm/arm-gnu-toolchain/bin/../lib/gcc/arm-none-eabi/6.3.1/thumb/v7-m\libgcc.a(_arm_unorddf2.o)
 .debug_frame   0x00000750       0x24 c:/program files (x86)/atmel/studio/7.0/toolchain/arm/arm-gnu-toolchain/bin/../lib/gcc/arm-none-eabi/6.3.1/thumb/v7-m\libgcc.a(_arm_fixdfsi.o)
 .debug_frame   0x00000774       0x20 c:/program files (x86)/atmel/studio/7.0/toolchain/arm/arm-gnu-toolchain/bin/../lib/gcc/arm-none-eabi/6.3.1/../../../../arm-none-eabi/lib/thumb/v7-m\libc.a(lib_a-errno.o)
 .debug_frame   0x00000794       0x2c c:/program files (x86)/atmel/studio/7.0/toolchain/arm/arm-gnu-toolchain/bin/../lib/gcc/arm-none-eabi/6.3.1/../../../../arm-none-eabi/lib/thumb/v7-m\libc.a(lib_a-init.o)
 .debug_frame   0x000007c0       0x5c c:/program files (x86)/atmel/studio/7.0/toolchain/arm/arm-gnu-toolchain/bin/../lib/gcc/arm-none-eabi/6.3.1/../../../../arm-none-eabi/lib/thumb/v7-m\libc.a(lib_a-__call_atexit.o)
 .debug_frame   0x0000081c       0x20 c:/program files (x86)/atmel/studio/7.0/toolchain/arm/arm-gnu-toolchain/bin/../lib/gcc/arm-none-eabi/6.3.1/../../../../arm-none-eabi/lib/thumb/v7-m\libc.a(lib_a-atexit.o)
 .debug_frame   0x0000083c       0x34 c:/program files (x86)/atmel/studio/7.0/toolchain/arm/arm-gnu-toolchain/bin/../lib/gcc/arm-none-eabi/6.3.1/../../../../arm-none-eabi/lib/thumb/v7-m\libc.a(lib_a-fini.o)
 .debug_frame   0x00000870       0xb0 c:/program files (x86)/atmel/studio/7.0/toolchain/arm/arm-gnu-toolchain/bin/../lib/gcc/arm-none-eabi/6.3.1/../../../../arm-none-eabi/lib/thumb/v7-m\libc.a(lib_a-lock.o)
 .debug_frame   0x00000920       0x34 c:/program files (x86)/atmel/studio/7.0/toolchain/arm/arm-gnu-toolchain/bin/../lib/gcc/arm-none-eabi/6.3.1/../../../../arm-none-eabi/lib/thumb/v7-m\libc.a(lib_a-__atexit.o)
